Number of BBs: 8
-----------------
.0:                         ;; preds:  --  succs: 1
  BR .1		
-----------------

	UEVar: 
	VarKill: 

-----------------
.1:                         ;; preds: 0 --  succs: 2, 3
  BR 10, .2, .3	
-----------------

	UEVar: 
	VarKill: 

-----------------
.2:                         ;; preds: 1 --  succs: 7
  BR .7		
-----------------

	UEVar: 
	VarKill: 

-----------------
.3:                         ;; preds: 1 --  succs: 4
  BR .4		
-----------------

	UEVar: 
	VarKill: 

-----------------
.4:                         ;; preds: 3, 6 --  succs: 5, 6
  BR 7, .5, .6	
-----------------

	UEVar: 
	VarKill: 

-----------------
.5:                         ;; preds: 4 --  succs: 7
  BR .7		
-----------------

	UEVar: 
	VarKill: 

-----------------
.6:                         ;; preds: 4 --  succs: 4
  BR .4		
-----------------

	UEVar: 
	VarKill: 

-----------------
.7:                         ;; preds: 2, 5 --  succs: 
-----------------

	UEVar: 
	VarKill: 

After iteration 1
BB0: 
BB1: 
BB2: 
BB3: 
BB4: 
BB5: 
BB6: 
BB7: 
