Number of BBs: 5
-----------------
.0:                         ;; preds:  --  succs: 1
  %0 <- 1
  BR .1		
-----------------

	UEVar: 
	VarKill: 0 

-----------------
.1:                         ;; preds: 0, 3 --  succs: 2, 3
  PRINT %0
  BR %0, .2, .3	
-----------------

	UEVar: 0 
	VarKill: 

-----------------
.2:                         ;; preds: 1 --  succs: 3
  %1 <- 0
  BR .3		
-----------------

	UEVar: 
	VarKill: 1 

-----------------
.3:                         ;; preds: 1, 2 --  succs: 1, 4
  %1 <- %1 + %0
  %0 <- %0 + 1
  BR %0, .1, .4	
-----------------

	UEVar: 0 1 
	VarKill: 0 1 

-----------------
.4:                         ;; preds: 3 --  succs: 
  PRINT %1
-----------------

	UEVar: 1 
	VarKill: 

After iteration 1
BB0: 0 1 
BB1: 0 1 
BB2: 0 1 
BB3: 0 1 
BB4: 
After iteration 2
BB0: 0 1 
BB1: 0 1 
BB2: 0 1 
BB3: 0 1 
BB4: 
