Number of BBs: 9
-----------------
.0:                         ;; preds:  --  succs: 1
  %0 <- 1
  BR .1		
-----------------

	UEVar: 
	VarKill: 0 

-----------------
.1:                         ;; preds: 0, 3 --  succs: 2, 5
  %1 <- 7
  %2 <- 8 + 2
  BR %1, .2, .5	
-----------------

	UEVar: 
	VarKill: 1 2 

-----------------
.2:                         ;; preds: 1 --  succs: 3
  %4 <- 1
  %2 <- 2
  %3 <- 3
  BR .3		
-----------------

	UEVar: 
	VarKill: 2 3 4 

-----------------
.3:                         ;; preds: 2, 7 --  succs: 1, 4
  %5 <- %1 + %4
  %6 <- %2 + %3
  %0 <- %0 + 1
  BR %1, .1, .4	
-----------------

	UEVar: 0 1 2 3 4 
	VarKill: 0 5 6 

-----------------
.4:                         ;; preds: 3 --  succs: 
-----------------

	UEVar: 
	VarKill: 

-----------------
.5:                         ;; preds: 1 --  succs: 6, 8
  %1 <- 0
  %3 <- 9
  BR %1, .6, .8	
-----------------

	UEVar: 
	VarKill: 1 3 

-----------------
.6:                         ;; preds: 5 --  succs: 7
  %3 <- 10
  BR .7		
-----------------

	UEVar: 
	VarKill: 3 

-----------------
.7:                         ;; preds: 6, 8 --  succs: 3
  %4 <- 9
  BR .3		
-----------------

	UEVar: 
	VarKill: 4 

-----------------
.8:                         ;; preds: 5 --  succs: 7
  %2 <- 4
  BR .7		
-----------------

	UEVar: 
	VarKill: 2 

After iteration 1
BB0: 0 
BB1: 0 1 2 
BB2: 0 1 2 3 4 
BB3: 
BB4: 
BB5: 0 1 2 3 
BB6: 0 1 2 3 
BB7: 0 1 2 3 4 
BB8: 0 1 2 3 
After iteration 2
BB0: 0 
BB1: 0 1 2 
BB2: 0 1 2 3 4 
BB3: 0 
BB4: 
BB5: 0 1 2 3 
BB6: 0 1 2 3 
BB7: 0 1 2 3 4 
BB8: 0 1 2 3 
After iteration 3
BB0: 0 
BB1: 0 1 2 
BB2: 0 1 2 3 4 
BB3: 0 
BB4: 
BB5: 0 1 2 3 
BB6: 0 1 2 3 
BB7: 0 1 2 3 4 
BB8: 0 1 2 3 
