Number of BBs: 3
.0:                         ;; preds:  --  succs: 1
  %0 <- 0
  %1 <- 1
  %2 <- 2
  %3 <- 3
  BR .1		

.1:                         ;; preds: 0 --  succs: 2
  %0 <- %1 + %2
  %1 <- %0 + %3
  %2 <- %1 + %2
  %4 <- %1
  %4 <- %3
  %5 <- %1
  BR .2		

.2:                         ;; preds: 1 --  succs: 
  %0 <- 17
  %1 <- 17 + 18
  %2 <- %1

