Number of BBs: 9
Loop: %1 <- %3
  %1 %3 %7 %8 %5 %6 %2 
