Number of BBs: 4
Loop: %1 <- %2
  %1 %2 
Loop: %1 <- %3
  %1 %3 
