Number of BBs: 8

-- Dominators --
0: 0
1: 1 0
2: 2 1 0
3: 3 1 0
4: 4 3 1 0
5: 5 4 3 1 0
6: 6 4 3 1 0
7: 7 1 0


-- Dominance Frontiers --
0: 
1: 
2: 7 
3: 7 
4: 4 7 
5: 7 
6: 4 
7: 
