Number of BBs: 5

-- Dominators --
0: 0
1: 1 0
2: 2 1 0
3: 3 1 0
4: 4 3 1 0


-- Dominance Frontiers --
0: 
1: 1 
2: 3 
3: 1 
4: 
