Number of BBs: 9

-- Dominators --
0: 0
1: 1 0
2: 2 1 0
3: 3 1 0
4: 4 3 1 0
5: 5 1 0
6: 6 5 1 0
7: 7 5 1 0
8: 8 5 1 0


-- Dominance Frontiers --
0: 
1: 1 
2: 3 
3: 1 
4: 
5: 3 
6: 7 
7: 3 
8: 7 
